Tests (ubuntu-22.04)	TP01-TP12 - pipeline (run_tests_pipeline.sh)	Ôªø2026-02-27T20:12:22.1406394Z ##[group]Run chmod +x tests/run_tests_pipeline.sh
Tests (ubuntu-22.04)	TP01-TP12 - pipeline (run_tests_pipeline.sh)	2026-02-27T20:12:22.1406787Z [36;1mchmod +x tests/run_tests_pipeline.sh[0m
Tests (ubuntu-22.04)	TP01-TP12 - pipeline (run_tests_pipeline.sh)	2026-02-27T20:12:22.1407076Z [36;1mcd tests && ./run_tests_pipeline.sh[0m
Tests (ubuntu-22.04)	TP01-TP12 - pipeline (run_tests_pipeline.sh)	2026-02-27T20:12:22.1443342Z shell: /usr/bin/bash -e {0}
Tests (ubuntu-22.04)	TP01-TP12 - pipeline (run_tests_pipeline.sh)	2026-02-27T20:12:22.1443571Z ##[endgroup]
Tests (ubuntu-22.04)	TP01-TP12 - pipeline (run_tests_pipeline.sh)	2026-02-27T20:12:22.1590639Z 
Tests (ubuntu-22.04)	TP01-TP12 - pipeline (run_tests_pipeline.sh)	2026-02-27T20:12:22.1590903Z ========================================
Tests (ubuntu-22.04)	TP01-TP12 - pipeline (run_tests_pipeline.sh)	2026-02-27T20:12:22.1591255Z   runner.sh - suite de tests
Tests (ubuntu-22.04)	TP01-TP12 - pipeline (run_tests_pipeline.sh)	2026-02-27T20:12:22.1591545Z   Workdir : /tmp/integrity-pipeline-test.JTqiMS
Tests (ubuntu-22.04)	TP01-TP12 - pipeline (run_tests_pipeline.sh)	2026-02-27T20:12:22.1591841Z ========================================
Tests (ubuntu-22.04)	TP01-TP12 - pipeline (run_tests_pipeline.sh)	2026-02-27T20:12:22.1592029Z 
Tests (ubuntu-22.04)	TP01-TP12 - pipeline (run_tests_pipeline.sh)	2026-02-27T20:12:22.1592134Z TP00 - Permissions integrity.sh
Tests (ubuntu-22.04)	TP01-TP12 - pipeline (run_tests_pipeline.sh)	2026-02-27T20:12:22.1592606Z [0;32m  PASS[0m - integrity.sh est ex√©cutable
Tests (ubuntu-22.04)	TP01-TP12 - pipeline (run_tests_pipeline.sh)	2026-02-27T20:12:22.1592820Z 
Tests (ubuntu-22.04)	TP01-TP12 - pipeline (run_tests_pipeline.sh)	2026-02-27T20:12:22.1592951Z TP01 - JSON invalide : erreur propre sans stacktrace jq
Tests (ubuntu-22.04)	TP01-TP12 - pipeline (run_tests_pipeline.sh)	2026-02-27T20:12:22.1832018Z [0;32m  PASS[0m - ERREUR signal√©e
Tests (ubuntu-22.04)	TP01-TP12 - pipeline (run_tests_pipeline.sh)	2026-02-27T20:12:22.1848981Z [0;32m  PASS[0m - pas de stacktrace jq
Tests (ubuntu-22.04)	TP01-TP12 - pipeline (run_tests_pipeline.sh)	2026-02-27T20:12:22.1849419Z 
Tests (ubuntu-22.04)	TP01-TP12 - pipeline (run_tests_pipeline.sh)	2026-02-27T20:12:22.1849519Z TP02 - .pipeline absent
Tests (ubuntu-22.04)	TP01-TP12 - pipeline (run_tests_pipeline.sh)	2026-02-27T20:12:22.2305642Z [0;32m  PASS[0m - ERREUR si .pipeline absent
Tests (ubuntu-22.04)	TP01-TP12 - pipeline (run_tests_pipeline.sh)	2026-02-27T20:12:22.2306116Z 
Tests (ubuntu-22.04)	TP01-TP12 - pipeline (run_tests_pipeline.sh)	2026-02-27T20:12:22.2306287Z TP03 - Champ 'nom' manquant dans compute
Tests (ubuntu-22.04)	TP01-TP12 - pipeline (run_tests_pipeline.sh)	2026-02-27T20:12:22.3953500Z [0;32m  PASS[0m - ERREUR signal√©e
Tests (ubuntu-22.04)	TP01-TP12 - pipeline (run_tests_pipeline.sh)	2026-02-27T20:12:22.3969828Z [0;32m  PASS[0m - champ 'nom' mentionn√©
Tests (ubuntu-22.04)	TP01-TP12 - pipeline (run_tests_pipeline.sh)	2026-02-27T20:12:22.3970087Z 
Tests (ubuntu-22.04)	TP01-TP12 - pipeline (run_tests_pipeline.sh)	2026-02-27T20:12:22.3970219Z TP04 - Op√©ration inconnue
Tests (ubuntu-22.04)	TP01-TP12 - pipeline (run_tests_pipeline.sh)	2026-02-27T20:12:22.5013833Z [0;32m  PASS[0m - ERREUR signal√©e
Tests (ubuntu-22.04)	TP01-TP12 - pipeline (run_tests_pipeline.sh)	2026-02-27T20:12:22.5030546Z [0;32m  PASS[0m - nom de l'op dans l'erreur
Tests (ubuntu-22.04)	TP01-TP12 - pipeline (run_tests_pipeline.sh)	2026-02-27T20:12:22.5030817Z 
Tests (ubuntu-22.04)	TP01-TP12 - pipeline (run_tests_pipeline.sh)	2026-02-27T20:12:22.5030960Z TP05 - Compute : cd correct, chemins relatifs dans la base
Tests (ubuntu-22.04)	TP01-TP12 - pipeline (run_tests_pipeline.sh)	2026-02-27T20:12:22.7195888Z [0;32m  PASS[0m - base hashes_a.b3 cr√©√©e
Tests (ubuntu-22.04)	TP01-TP12 - pipeline (run_tests_pipeline.sh)	2026-02-27T20:12:22.7239222Z [0;32m  PASS[0m - chemin relatif (./) dans base
Tests (ubuntu-22.04)	TP01-TP12 - pipeline (run_tests_pipeline.sh)	2026-02-27T20:12:22.7255500Z [0;32m  PASS[0m - pas de chemin absolu dans base
Tests (ubuntu-22.04)	TP01-TP12 - pipeline (run_tests_pipeline.sh)	2026-02-27T20:12:22.7271650Z [0;32m  PASS[0m - 3 fichiers index√©s
Tests (ubuntu-22.04)	TP01-TP12 - pipeline (run_tests_pipeline.sh)	2026-02-27T20:12:22.7271996Z 
Tests (ubuntu-22.04)	TP01-TP12 - pipeline (run_tests_pipeline.sh)	2026-02-27T20:12:22.7272160Z TP06 - Compute : source absente -> erreur
Tests (ubuntu-22.04)	TP01-TP12 - pipeline (run_tests_pipeline.sh)	2026-02-27T20:12:22.8917054Z [0;32m  PASS[0m - ERREUR signal√©e
Tests (ubuntu-22.04)	TP01-TP12 - pipeline (run_tests_pipeline.sh)	2026-02-27T20:12:22.8918130Z [0;32m  PASS[0m - pas de base cr√©√©e si source KO
Tests (ubuntu-22.04)	TP01-TP12 - pipeline (run_tests_pipeline.sh)	2026-02-27T20:12:22.8918498Z 
Tests (ubuntu-22.04)	TP01-TP12 - pipeline (run_tests_pipeline.sh)	2026-02-27T20:12:22.8918864Z TP07 - Verify : r√©pertoire de travail correct, v√©rification OK
Tests (ubuntu-22.04)	TP01-TP12 - pipeline (run_tests_pipeline.sh)	2026-02-27T20:12:23.0871922Z [0;32m  PASS[0m - verify OK
Tests (ubuntu-22.04)	TP01-TP12 - pipeline (run_tests_pipeline.sh)	2026-02-27T20:12:23.0888387Z [0;32m  PASS[0m - aucun FAILED
Tests (ubuntu-22.04)	TP01-TP12 - pipeline (run_tests_pipeline.sh)	2026-02-27T20:12:23.0913949Z [0;32m  PASS[0m - recap.txt produit
Tests (ubuntu-22.04)	TP01-TP12 - pipeline (run_tests_pipeline.sh)	2026-02-27T20:12:23.0914574Z 
Tests (ubuntu-22.04)	TP01-TP12 - pipeline (run_tests_pipeline.sh)	2026-02-27T20:12:23.0914743Z TP08 - Verify : corruption d√©tect√©e
Tests (ubuntu-22.04)	TP01-TP12 - pipeline (run_tests_pipeline.sh)	2026-02-27T20:12:23.2874287Z [0;32m  PASS[0m - ECHEC d√©tect√©
Tests (ubuntu-22.04)	TP01-TP12 - pipeline (run_tests_pipeline.sh)	2026-02-27T20:12:23.2874621Z 
Tests (ubuntu-22.04)	TP01-TP12 - pipeline (run_tests_pipeline.sh)	2026-02-27T20:12:23.2874794Z TP09 - Verify : base .b3 absente -> erreur
Tests (ubuntu-22.04)	TP01-TP12 - pipeline (run_tests_pipeline.sh)	2026-02-27T20:12:23.4310142Z [0;32m  PASS[0m - ERREUR si base absente
Tests (ubuntu-22.04)	TP01-TP12 - pipeline (run_tests_pipeline.sh)	2026-02-27T20:12:23.4310542Z 
Tests (ubuntu-22.04)	TP01-TP12 - pipeline (run_tests_pipeline.sh)	2026-02-27T20:12:23.4310855Z TP10 - Compare : fichiers de r√©sultats produits (sans champ resultats)
Tests (ubuntu-22.04)	TP01-TP12 - pipeline (run_tests_pipeline.sh)	2026-02-27T20:12:23.8845694Z ##[error]Process completed with exit code 1.
Tests (ubuntu-24.04)	TP01-TP12 - pipeline (run_tests_pipeline.sh)	Ôªø2026-02-27T20:12:18.9685276Z ##[group]Run chmod +x tests/run_tests_pipeline.sh
Tests (ubuntu-24.04)	TP01-TP12 - pipeline (run_tests_pipeline.sh)	2026-02-27T20:12:18.9685660Z [36;1mchmod +x tests/run_tests_pipeline.sh[0m
Tests (ubuntu-24.04)	TP01-TP12 - pipeline (run_tests_pipeline.sh)	2026-02-27T20:12:18.9686257Z [36;1mcd tests && ./run_tests_pipeline.sh[0m
Tests (ubuntu-24.04)	TP01-TP12 - pipeline (run_tests_pipeline.sh)	2026-02-27T20:12:18.9734676Z shell: /usr/bin/bash -e {0}
Tests (ubuntu-24.04)	TP01-TP12 - pipeline (run_tests_pipeline.sh)	2026-02-27T20:12:18.9734921Z ##[endgroup]
Tests (ubuntu-24.04)	TP01-TP12 - pipeline (run_tests_pipeline.sh)	2026-02-27T20:12:18.9896482Z 
Tests (ubuntu-24.04)	TP01-TP12 - pipeline (run_tests_pipeline.sh)	2026-02-27T20:12:18.9896851Z ========================================
Tests (ubuntu-24.04)	TP01-TP12 - pipeline (run_tests_pipeline.sh)	2026-02-27T20:12:18.9897279Z   runner.sh - suite de tests
Tests (ubuntu-24.04)	TP01-TP12 - pipeline (run_tests_pipeline.sh)	2026-02-27T20:12:18.9897571Z   Workdir : /tmp/integrity-pipeline-test.8vKKwC
Tests (ubuntu-24.04)	TP01-TP12 - pipeline (run_tests_pipeline.sh)	2026-02-27T20:12:18.9897880Z ========================================
Tests (ubuntu-24.04)	TP01-TP12 - pipeline (run_tests_pipeline.sh)	2026-02-27T20:12:18.9898061Z 
Tests (ubuntu-24.04)	TP01-TP12 - pipeline (run_tests_pipeline.sh)	2026-02-27T20:12:18.9898157Z TP00 - Permissions integrity.sh
Tests (ubuntu-24.04)	TP01-TP12 - pipeline (run_tests_pipeline.sh)	2026-02-27T20:12:18.9898551Z [0;32m  PASS[0m - integrity.sh est ex√©cutable
Tests (ubuntu-24.04)	TP01-TP12 - pipeline (run_tests_pipeline.sh)	2026-02-27T20:12:18.9899445Z 
Tests (ubuntu-24.04)	TP01-TP12 - pipeline (run_tests_pipeline.sh)	2026-02-27T20:12:18.9899694Z TP01 - JSON invalide : erreur propre sans stacktrace jq
Tests (ubuntu-24.04)	TP01-TP12 - pipeline (run_tests_pipeline.sh)	2026-02-27T20:12:18.9981890Z [0;32m  PASS[0m - ERREUR signal√©e
Tests (ubuntu-24.04)	TP01-TP12 - pipeline (run_tests_pipeline.sh)	2026-02-27T20:12:18.9999006Z [0;32m  PASS[0m - pas de stacktrace jq
Tests (ubuntu-24.04)	TP01-TP12 - pipeline (run_tests_pipeline.sh)	2026-02-27T20:12:18.9999416Z 
Tests (ubuntu-24.04)	TP01-TP12 - pipeline (run_tests_pipeline.sh)	2026-02-27T20:12:18.9999556Z TP02 - .pipeline absent
Tests (ubuntu-24.04)	TP01-TP12 - pipeline (run_tests_pipeline.sh)	2026-02-27T20:12:19.0127877Z [0;32m  PASS[0m - ERREUR si .pipeline absent
Tests (ubuntu-24.04)	TP01-TP12 - pipeline (run_tests_pipeline.sh)	2026-02-27T20:12:19.0128170Z 
Tests (ubuntu-24.04)	TP01-TP12 - pipeline (run_tests_pipeline.sh)	2026-02-27T20:12:19.0461166Z TP03 - Champ 'nom' manquant dans compute
Tests (ubuntu-24.04)	TP01-TP12 - pipeline (run_tests_pipeline.sh)	2026-02-27T20:12:19.0461707Z [0;32m  PASS[0m - ERREUR signal√©e
Tests (ubuntu-24.04)	TP01-TP12 - pipeline (run_tests_pipeline.sh)	2026-02-27T20:12:19.0478817Z [0;32m  PASS[0m - champ 'nom' mentionn√©
Tests (ubuntu-24.04)	TP01-TP12 - pipeline (run_tests_pipeline.sh)	2026-02-27T20:12:19.0479129Z 
Tests (ubuntu-24.04)	TP01-TP12 - pipeline (run_tests_pipeline.sh)	2026-02-27T20:12:19.0479270Z TP04 - Op√©ration inconnue
Tests (ubuntu-24.04)	TP01-TP12 - pipeline (run_tests_pipeline.sh)	2026-02-27T20:12:19.0715587Z [0;32m  PASS[0m - ERREUR signal√©e
Tests (ubuntu-24.04)	TP01-TP12 - pipeline (run_tests_pipeline.sh)	2026-02-27T20:12:19.0734209Z [0;32m  PASS[0m - nom de l'op dans l'erreur
Tests (ubuntu-24.04)	TP01-TP12 - pipeline (run_tests_pipeline.sh)	2026-02-27T20:12:19.0734689Z 
Tests (ubuntu-24.04)	TP01-TP12 - pipeline (run_tests_pipeline.sh)	2026-02-27T20:12:19.0734931Z TP05 - Compute : cd correct, chemins relatifs dans la base
Tests (ubuntu-24.04)	TP01-TP12 - pipeline (run_tests_pipeline.sh)	2026-02-27T20:12:19.1472107Z [0;32m  PASS[0m - base hashes_a.b3 cr√©√©e
Tests (ubuntu-24.04)	TP01-TP12 - pipeline (run_tests_pipeline.sh)	2026-02-27T20:12:19.1516531Z [0;32m  PASS[0m - chemin relatif (./) dans base
Tests (ubuntu-24.04)	TP01-TP12 - pipeline (run_tests_pipeline.sh)	2026-02-27T20:12:19.1535734Z [0;32m  PASS[0m - pas de chemin absolu dans base
Tests (ubuntu-24.04)	TP01-TP12 - pipeline (run_tests_pipeline.sh)	2026-02-27T20:12:19.1556746Z [0;32m  PASS[0m - 3 fichiers index√©s
Tests (ubuntu-24.04)	TP01-TP12 - pipeline (run_tests_pipeline.sh)	2026-02-27T20:12:19.1557110Z 
Tests (ubuntu-24.04)	TP01-TP12 - pipeline (run_tests_pipeline.sh)	2026-02-27T20:12:19.1557370Z TP06 - Compute : source absente -> erreur
Tests (ubuntu-24.04)	TP01-TP12 - pipeline (run_tests_pipeline.sh)	2026-02-27T20:12:19.1894245Z [0;32m  PASS[0m - ERREUR signal√©e
Tests (ubuntu-24.04)	TP01-TP12 - pipeline (run_tests_pipeline.sh)	2026-02-27T20:12:19.1894870Z [0;32m  PASS[0m - pas de base cr√©√©e si source KO
Tests (ubuntu-24.04)	TP01-TP12 - pipeline (run_tests_pipeline.sh)	2026-02-27T20:12:19.1895238Z 
Tests (ubuntu-24.04)	TP01-TP12 - pipeline (run_tests_pipeline.sh)	2026-02-27T20:12:19.1895626Z TP07 - Verify : r√©pertoire de travail correct, v√©rification OK
Tests (ubuntu-24.04)	TP01-TP12 - pipeline (run_tests_pipeline.sh)	2026-02-27T20:12:19.2568588Z [0;32m  PASS[0m - verify OK
Tests (ubuntu-24.04)	TP01-TP12 - pipeline (run_tests_pipeline.sh)	2026-02-27T20:12:19.2586020Z [0;32m  PASS[0m - aucun FAILED
Tests (ubuntu-24.04)	TP01-TP12 - pipeline (run_tests_pipeline.sh)	2026-02-27T20:12:19.2617258Z [0;32m  PASS[0m - recap.txt produit
Tests (ubuntu-24.04)	TP01-TP12 - pipeline (run_tests_pipeline.sh)	2026-02-27T20:12:19.2617879Z 
Tests (ubuntu-24.04)	TP01-TP12 - pipeline (run_tests_pipeline.sh)	2026-02-27T20:12:19.2618144Z TP08 - Verify : corruption d√©tect√©e
Tests (ubuntu-24.04)	TP01-TP12 - pipeline (run_tests_pipeline.sh)	2026-02-27T20:12:19.3295681Z [0;32m  PASS[0m - ECHEC d√©tect√©
Tests (ubuntu-24.04)	TP01-TP12 - pipeline (run_tests_pipeline.sh)	2026-02-27T20:12:19.3296929Z 
Tests (ubuntu-24.04)	TP01-TP12 - pipeline (run_tests_pipeline.sh)	2026-02-27T20:12:19.3297118Z TP09 - Verify : base .b3 absente -> erreur
Tests (ubuntu-24.04)	TP01-TP12 - pipeline (run_tests_pipeline.sh)	2026-02-27T20:12:19.3603410Z [0;32m  PASS[0m - ERREUR si base absente
Tests (ubuntu-24.04)	TP01-TP12 - pipeline (run_tests_pipeline.sh)	2026-02-27T20:12:19.3603770Z 
Tests (ubuntu-24.04)	TP01-TP12 - pipeline (run_tests_pipeline.sh)	2026-02-27T20:12:19.3604227Z TP10 - Compare : fichiers de r√©sultats produits (sans champ resultats)
Tests (ubuntu-24.04)	TP01-TP12 - pipeline (run_tests_pipeline.sh)	2026-02-27T20:12:19.5130947Z ##[error]Process completed with exit code 1.
Docker build & smoke tests	Smoke test - verify via volume	Ôªø2026-02-27T20:12:09.7993874Z ##[group]Run docker run --rm \
Docker build & smoke tests	Smoke test - verify via volume	2026-02-27T20:12:09.7994202Z [36;1mdocker run --rm \[0m
Docker build & smoke tests	Smoke test - verify via volume	2026-02-27T20:12:09.7994450Z [36;1m  -v /tmp/testdata:/data:ro \[0m
Docker build & smoke tests	Smoke test - verify via volume	2026-02-27T20:12:09.7994736Z [36;1m  -v /tmp/testbases:/bases:ro \[0m
Docker build & smoke tests	Smoke test - verify via volume	2026-02-27T20:12:09.7995033Z [36;1m  -v /tmp/testresultats:/resultats \[0m
Docker build & smoke tests	Smoke test - verify via volume	2026-02-27T20:12:09.7995317Z [36;1m  -e RESULTATS_DIR=/resultats \[0m
Docker build & smoke tests	Smoke test - verify via volume	2026-02-27T20:12:09.7995603Z [36;1m  hash_tool verify /bases/test.b3 /data[0m
Docker build & smoke tests	Smoke test - verify via volume	2026-02-27T20:12:09.8048533Z shell: /usr/bin/bash -e {0}
Docker build & smoke tests	Smoke test - verify via volume	2026-02-27T20:12:09.8048786Z ##[endgroup]
Docker build & smoke tests	Smoke test - verify via volume	2026-02-27T20:12:09.9577748Z --- M√©tadonn√©es (sidecar) ---
Docker build & smoke tests	Smoke test - verify via volume	2026-02-27T20:12:09.9617458Z {
Docker build & smoke tests	Smoke test - verify via volume	2026-02-27T20:12:09.9617800Z   "created_by": "2.0.0",
Docker build & smoke tests	Smoke test - verify via volume	2026-02-27T20:12:09.9618204Z   "date": "2026-02-27T20:12:09Z",
Docker build & smoke tests	Smoke test - verify via volume	2026-02-27T20:12:09.9618603Z   "comment": "",
Docker build & smoke tests	Smoke test - verify via volume	2026-02-27T20:12:09.9618937Z   "parameters": {
Docker build & smoke tests	Smoke test - verify via volume	2026-02-27T20:12:09.9619310Z     "directory": "/data",
Docker build & smoke tests	Smoke test - verify via volume	2026-02-27T20:12:09.9619679Z     "hash_algo": "blake3",
Docker build & smoke tests	Smoke test - verify via volume	2026-02-27T20:12:09.9620019Z     "nb_files": 2
Docker build & smoke tests	Smoke test - verify via volume	2026-02-27T20:12:09.9620413Z   }
Docker build & smoke tests	Smoke test - verify via volume	2026-02-27T20:12:09.9620676Z }
Docker build & smoke tests	Smoke test - verify via volume	2026-02-27T20:12:09.9620972Z -----------------------------
Docker build & smoke tests	Smoke test - verify via volume	2026-02-27T20:12:09.9786169Z V√©rification OK - 2 fichiers int√®gres.
Docker build & smoke tests	Smoke test - verify via volume	2026-02-27T20:12:09.9786919Z R√©sultats dans : /resultats/resultats_test
Docker build & smoke tests	Smoke test - verify via volume	2026-02-27T20:12:09.9787421Z   recap.txt
Docker build & smoke tests	Smoke test - verify via volume	2026-02-27T20:12:10.0503023Z ##[error]Process completed with exit code 1.
