Tests (ubuntu-24.04)	Debug T01	ï»¿2026-02-27T19:57:21.8167012Z ##[group]Run cd /tmp
Tests (ubuntu-24.04)	Debug T01	2026-02-27T19:57:21.8167268Z [36;1mcd /tmp[0m
Tests (ubuntu-24.04)	Debug T01	2026-02-27T19:57:21.8167482Z [36;1mmkdir -p integrity-debug/data[0m
Tests (ubuntu-24.04)	Debug T01	2026-02-27T19:57:21.8167783Z [36;1mecho "test" > integrity-debug/data/f.txt[0m
Tests (ubuntu-24.04)	Debug T01	2026-02-27T19:57:21.8168084Z [36;1mcd integrity-debug[0m
Tests (ubuntu-24.04)	Debug T01	2026-02-27T19:57:21.8168517Z [36;1mbash /home/runner/work/hash-tool/hash-tool/src/integrity.sh compute ./data base.b3[0m
Tests (ubuntu-24.04)	Debug T01	2026-02-27T19:57:21.8215864Z shell: /usr/bin/bash -e {0}
Tests (ubuntu-24.04)	Debug T01	2026-02-27T19:57:21.8216109Z ##[endgroup]
Tests (ubuntu-24.04)	Debug T01	2026-02-27T19:57:21.8481597Z /home/runner/work/hash-tool/hash-tool/src/lib/ui.sh: line 83: /dev/tty: No such device or address
Tests (ubuntu-24.04)	Debug T01	2026-02-27T19:57:21.8495578Z ##[error]Process completed with exit code 1.
Docker build & smoke tests	Smoke test - compute via volume	ï»¿2026-02-27T19:57:16.5574893Z ##[group]Run mkdir -p /tmp/testdata /tmp/testbases
Docker build & smoke tests	Smoke test - compute via volume	2026-02-27T19:57:16.5575357Z [36;1mmkdir -p /tmp/testdata /tmp/testbases[0m
Docker build & smoke tests	Smoke test - compute via volume	2026-02-27T19:57:16.5575699Z [36;1mecho "contenu alpha" > /tmp/testdata/alpha.txt[0m
Docker build & smoke tests	Smoke test - compute via volume	2026-02-27T19:57:16.5576058Z [36;1mecho "contenu beta"  > /tmp/testdata/beta.txt[0m
Docker build & smoke tests	Smoke test - compute via volume	2026-02-27T19:57:16.5576347Z [36;1mdocker run --rm \[0m
Docker build & smoke tests	Smoke test - compute via volume	2026-02-27T19:57:16.5576575Z [36;1m  -v /tmp/testdata:/data:ro \[0m
Docker build & smoke tests	Smoke test - compute via volume	2026-02-27T19:57:16.5576829Z [36;1m  -v /tmp/testbases:/bases \[0m
Docker build & smoke tests	Smoke test - compute via volume	2026-02-27T19:57:16.5577107Z [36;1m  hash_tool compute /data /bases/test.b3[0m
Docker build & smoke tests	Smoke test - compute via volume	2026-02-27T19:57:16.5577510Z [36;1m# VÃ©rifie que le fichier .b3 est produit et non vide[0m
Docker build & smoke tests	Smoke test - compute via volume	2026-02-27T19:57:16.5577983Z [36;1m[ -s /tmp/testbases/test.b3 ] || (echo "ERREUR : test.b3 vide ou absent" && exit 1)[0m
Docker build & smoke tests	Smoke test - compute via volume	2026-02-27T19:57:16.5578528Z [36;1mecho "test.b3 produit : $(wc -l < /tmp/testbases/test.b3) ligne(s)"[0m
Docker build & smoke tests	Smoke test - compute via volume	2026-02-27T19:57:16.5629884Z shell: /usr/bin/bash -e {0}
Docker build & smoke tests	Smoke test - compute via volume	2026-02-27T19:57:16.5630127Z ##[endgroup]
Docker build & smoke tests	Smoke test - compute via volume	2026-02-27T19:57:16.7084109Z ERREUR : /app/runner.sh introuvable
Docker build & smoke tests	Smoke test - compute via volume	2026-02-27T19:57:16.7843722Z ##[error]Process completed with exit code 1.
Tests (ubuntu-22.04)	Debug T01	ï»¿2026-02-27T19:57:29.2884782Z ##[group]Run cd /tmp
Tests (ubuntu-22.04)	Debug T01	2026-02-27T19:57:29.2885047Z [36;1mcd /tmp[0m
Tests (ubuntu-22.04)	Debug T01	2026-02-27T19:57:29.2885247Z [36;1mmkdir -p integrity-debug/data[0m
Tests (ubuntu-22.04)	Debug T01	2026-02-27T19:57:29.2885548Z [36;1mecho "test" > integrity-debug/data/f.txt[0m
Tests (ubuntu-22.04)	Debug T01	2026-02-27T19:57:29.2885824Z [36;1mcd integrity-debug[0m
Tests (ubuntu-22.04)	Debug T01	2026-02-27T19:57:29.2886230Z [36;1mbash /home/runner/work/hash-tool/hash-tool/src/integrity.sh compute ./data base.b3[0m
Tests (ubuntu-22.04)	Debug T01	2026-02-27T19:57:29.2924710Z shell: /usr/bin/bash -e {0}
Tests (ubuntu-22.04)	Debug T01	2026-02-27T19:57:29.2924951Z ##[endgroup]
Tests (ubuntu-22.04)	Debug T01	2026-02-27T19:57:29.3172147Z /home/runner/work/hash-tool/hash-tool/src/lib/ui.sh: line 83: /dev/tty: No such device or address
Tests (ubuntu-22.04)	Debug T01	2026-02-27T19:57:29.3186866Z ##[error]Process completed with exit code 1.
