Docker build & smoke tests	Smoke test - compute via volume	ï»¿2026-02-27T20:03:09.5030821Z ##[group]Run mkdir -p /tmp/testdata /tmp/testbases
Docker build & smoke tests	Smoke test - compute via volume	2026-02-27T20:03:09.5031279Z [36;1mmkdir -p /tmp/testdata /tmp/testbases[0m
Docker build & smoke tests	Smoke test - compute via volume	2026-02-27T20:03:09.5031632Z [36;1mecho "contenu alpha" > /tmp/testdata/alpha.txt[0m
Docker build & smoke tests	Smoke test - compute via volume	2026-02-27T20:03:09.5031980Z [36;1mecho "contenu beta"  > /tmp/testdata/beta.txt[0m
Docker build & smoke tests	Smoke test - compute via volume	2026-02-27T20:03:09.5032261Z [36;1mdocker run --rm \[0m
Docker build & smoke tests	Smoke test - compute via volume	2026-02-27T20:03:09.5032488Z [36;1m  -v /tmp/testdata:/data:ro \[0m
Docker build & smoke tests	Smoke test - compute via volume	2026-02-27T20:03:09.5032734Z [36;1m  -v /tmp/testbases:/bases \[0m
Docker build & smoke tests	Smoke test - compute via volume	2026-02-27T20:03:09.5033001Z [36;1m  hash_tool compute /data /bases/test.b3[0m
Docker build & smoke tests	Smoke test - compute via volume	2026-02-27T20:03:09.5033371Z [36;1m# VÃ©rifie que le fichier .b3 est produit et non vide[0m
Docker build & smoke tests	Smoke test - compute via volume	2026-02-27T20:03:09.5033832Z [36;1m[ -s /tmp/testbases/test.b3 ] || (echo "ERREUR : test.b3 vide ou absent" && exit 1)[0m
Docker build & smoke tests	Smoke test - compute via volume	2026-02-27T20:03:09.5034344Z [36;1mecho "test.b3 produit : $(wc -l < /tmp/testbases/test.b3) ligne(s)"[0m
Docker build & smoke tests	Smoke test - compute via volume	2026-02-27T20:03:09.5086116Z shell: /usr/bin/bash -e {0}
Docker build & smoke tests	Smoke test - compute via volume	2026-02-27T20:03:09.5086364Z ##[endgroup]
Docker build & smoke tests	Smoke test - compute via volume	2026-02-27T20:03:09.6451168Z ERREUR : /app/runner.sh introuvable
Docker build & smoke tests	Smoke test - compute via volume	2026-02-27T20:03:09.7290240Z ##[error]Process completed with exit code 1.
Tests (ubuntu-22.04)	Debug T01	ï»¿2026-02-27T20:03:13.4412115Z ##[group]Run cd /tmp
Tests (ubuntu-22.04)	Debug T01	2026-02-27T20:03:13.4412364Z [36;1mcd /tmp[0m
Tests (ubuntu-22.04)	Debug T01	2026-02-27T20:03:13.4412567Z [36;1mmkdir -p integrity-debug/data[0m
Tests (ubuntu-22.04)	Debug T01	2026-02-27T20:03:13.4412850Z [36;1mecho "test" > integrity-debug/data/f.txt[0m
Tests (ubuntu-22.04)	Debug T01	2026-02-27T20:03:13.4413136Z [36;1mcd integrity-debug[0m
Tests (ubuntu-22.04)	Debug T01	2026-02-27T20:03:13.4413554Z [36;1mbash /home/runner/work/hash-tool/hash-tool/src/integrity.sh compute ./data base.b3[0m
Tests (ubuntu-22.04)	Debug T01	2026-02-27T20:03:13.4451108Z shell: /usr/bin/bash -e {0}
Tests (ubuntu-22.04)	Debug T01	2026-02-27T20:03:13.4451358Z ##[endgroup]
Tests (ubuntu-22.04)	Debug T01	2026-02-27T20:03:13.4741932Z /home/runner/work/hash-tool/hash-tool/src/lib/ui.sh: line 91: /dev/tty: No such device or address
Tests (ubuntu-22.04)	Debug T01	2026-02-27T20:03:13.4756908Z ##[error]Process completed with exit code 1.
Tests (ubuntu-24.04)	Debug T01	ï»¿2026-02-27T20:03:14.1031834Z ##[group]Run cd /tmp
Tests (ubuntu-24.04)	Debug T01	2026-02-27T20:03:14.1032066Z [36;1mcd /tmp[0m
Tests (ubuntu-24.04)	Debug T01	2026-02-27T20:03:14.1032277Z [36;1mmkdir -p integrity-debug/data[0m
Tests (ubuntu-24.04)	Debug T01	2026-02-27T20:03:14.1032557Z [36;1mecho "test" > integrity-debug/data/f.txt[0m
Tests (ubuntu-24.04)	Debug T01	2026-02-27T20:03:14.1032841Z [36;1mcd integrity-debug[0m
Tests (ubuntu-24.04)	Debug T01	2026-02-27T20:03:14.1033242Z [36;1mbash /home/runner/work/hash-tool/hash-tool/src/integrity.sh compute ./data base.b3[0m
Tests (ubuntu-24.04)	Debug T01	2026-02-27T20:03:14.1077491Z shell: /usr/bin/bash -e {0}
Tests (ubuntu-24.04)	Debug T01	2026-02-27T20:03:14.1077904Z ##[endgroup]
Tests (ubuntu-24.04)	Debug T01	2026-02-27T20:03:14.1340933Z /home/runner/work/hash-tool/hash-tool/src/lib/ui.sh: line 91: /dev/tty: No such device or address
Tests (ubuntu-24.04)	Debug T01	2026-02-27T20:03:14.1355951Z ##[error]Process completed with exit code 1.
