Docker build & smoke tests	Smoke test - verify via volume	ï»¿2026-02-27T20:32:38.7697073Z ##[group]Run docker run --rm \
Docker build & smoke tests	Smoke test - verify via volume	2026-02-27T20:32:38.7697360Z [36;1mdocker run --rm \[0m
Docker build & smoke tests	Smoke test - verify via volume	2026-02-27T20:32:38.7697604Z [36;1m  -v /tmp/testdata:/data:ro \[0m
Docker build & smoke tests	Smoke test - verify via volume	2026-02-27T20:32:38.7697874Z [36;1m  -v /tmp/testbases:/bases:ro \[0m
Docker build & smoke tests	Smoke test - verify via volume	2026-02-27T20:32:38.7698152Z [36;1m  -v /tmp/testresultats:/resultats \[0m
Docker build & smoke tests	Smoke test - verify via volume	2026-02-27T20:32:38.7698432Z [36;1m  -e RESULTATS_DIR=/resultats \[0m
Docker build & smoke tests	Smoke test - verify via volume	2026-02-27T20:32:38.7698702Z [36;1m  hash_tool verify /bases/test.b3 /data[0m
Docker build & smoke tests	Smoke test - verify via volume	2026-02-27T20:32:38.7748953Z shell: /usr/bin/bash -e {0}
Docker build & smoke tests	Smoke test - verify via volume	2026-02-27T20:32:38.7749201Z ##[endgroup]
Docker build & smoke tests	Smoke test - verify via volume	2026-02-27T20:32:38.9153931Z --- MÃ©tadonnÃ©es (sidecar) ---
Docker build & smoke tests	Smoke test - verify via volume	2026-02-27T20:32:38.9193474Z {
Docker build & smoke tests	Smoke test - verify via volume	2026-02-27T20:32:38.9193808Z   "created_by": "2.0.0",
Docker build & smoke tests	Smoke test - verify via volume	2026-02-27T20:32:38.9194409Z   "date": "2026-02-27T20:32:38Z",
Docker build & smoke tests	Smoke test - verify via volume	2026-02-27T20:32:38.9194850Z   "comment": "",
Docker build & smoke tests	Smoke test - verify via volume	2026-02-27T20:32:38.9195185Z   "parameters": {
Docker build & smoke tests	Smoke test - verify via volume	2026-02-27T20:32:38.9195527Z     "directory": "/data",
Docker build & smoke tests	Smoke test - verify via volume	2026-02-27T20:32:38.9196255Z     "hash_algo": "blake3",
Docker build & smoke tests	Smoke test - verify via volume	2026-02-27T20:32:38.9196656Z     "nb_files": 2
Docker build & smoke tests	Smoke test - verify via volume	2026-02-27T20:32:38.9197042Z   }
Docker build & smoke tests	Smoke test - verify via volume	2026-02-27T20:32:38.9197326Z }
Docker build & smoke tests	Smoke test - verify via volume	2026-02-27T20:32:38.9198248Z -----------------------------
Docker build & smoke tests	Smoke test - verify via volume	2026-02-27T20:32:38.9359363Z VÃ©rification OK - 2 fichiers intÃ¨gres.
Docker build & smoke tests	Smoke test - verify via volume	2026-02-27T20:32:38.9360219Z RÃ©sultats dans : /resultats/resultats_test
Docker build & smoke tests	Smoke test - verify via volume	2026-02-27T20:32:38.9360890Z   recap.txt
Docker build & smoke tests	Smoke test - verify via volume	2026-02-27T20:32:39.0021669Z ##[error]Process completed with exit code 1.
Tests (ubuntu-22.04)	TP01-TP12 - pipeline (run_tests_pipeline.sh)	ï»¿2026-02-27T20:32:47.1712282Z ##[group]Run chmod +x tests/run_tests_pipeline.sh
Tests (ubuntu-22.04)	TP01-TP12 - pipeline (run_tests_pipeline.sh)	2026-02-27T20:32:47.1712644Z [36;1mchmod +x tests/run_tests_pipeline.sh[0m
Tests (ubuntu-22.04)	TP01-TP12 - pipeline (run_tests_pipeline.sh)	2026-02-27T20:32:47.1713372Z [36;1mcd tests && ./run_tests_pipeline.sh[0m
Tests (ubuntu-22.04)	TP01-TP12 - pipeline (run_tests_pipeline.sh)	2026-02-27T20:32:47.1753195Z shell: /usr/bin/bash -e {0}
Tests (ubuntu-22.04)	TP01-TP12 - pipeline (run_tests_pipeline.sh)	2026-02-27T20:32:47.1753433Z ##[endgroup]
Tests (ubuntu-22.04)	TP01-TP12 - pipeline (run_tests_pipeline.sh)	2026-02-27T20:32:47.1909149Z 
Tests (ubuntu-22.04)	TP01-TP12 - pipeline (run_tests_pipeline.sh)	2026-02-27T20:32:47.1909737Z ========================================
Tests (ubuntu-22.04)	TP01-TP12 - pipeline (run_tests_pipeline.sh)	2026-02-27T20:32:47.1910177Z   runner.sh - suite de tests
Tests (ubuntu-22.04)	TP01-TP12 - pipeline (run_tests_pipeline.sh)	2026-02-27T20:32:47.1910589Z   Workdir : /tmp/integrity-pipeline-test.MPrAK1
Tests (ubuntu-22.04)	TP01-TP12 - pipeline (run_tests_pipeline.sh)	2026-02-27T20:32:47.1911026Z ========================================
Tests (ubuntu-22.04)	TP01-TP12 - pipeline (run_tests_pipeline.sh)	2026-02-27T20:32:47.1911269Z 
Tests (ubuntu-22.04)	TP01-TP12 - pipeline (run_tests_pipeline.sh)	2026-02-27T20:32:47.1911429Z TP00 - Permissions integrity.sh
Tests (ubuntu-22.04)	TP01-TP12 - pipeline (run_tests_pipeline.sh)	2026-02-27T20:32:47.1911982Z [0;32m  PASS[0m - integrity.sh est exÃ©cutable
Tests (ubuntu-22.04)	TP01-TP12 - pipeline (run_tests_pipeline.sh)	2026-02-27T20:32:47.1912289Z 
Tests (ubuntu-22.04)	TP01-TP12 - pipeline (run_tests_pipeline.sh)	2026-02-27T20:32:47.1912499Z TP01 - JSON invalide : erreur propre sans stacktrace jq
Tests (ubuntu-22.04)	TP01-TP12 - pipeline (run_tests_pipeline.sh)	2026-02-27T20:32:47.2121262Z [0;32m  PASS[0m - ERREUR signalÃ©e
Tests (ubuntu-22.04)	TP01-TP12 - pipeline (run_tests_pipeline.sh)	2026-02-27T20:32:47.2138710Z [0;32m  PASS[0m - pas de stacktrace jq
Tests (ubuntu-22.04)	TP01-TP12 - pipeline (run_tests_pipeline.sh)	2026-02-27T20:32:47.2139142Z 
Tests (ubuntu-22.04)	TP01-TP12 - pipeline (run_tests_pipeline.sh)	2026-02-27T20:32:47.2139268Z TP02 - .pipeline absent
Tests (ubuntu-22.04)	TP01-TP12 - pipeline (run_tests_pipeline.sh)	2026-02-27T20:32:47.2526585Z [0;32m  PASS[0m - ERREUR si .pipeline absent
Tests (ubuntu-22.04)	TP01-TP12 - pipeline (run_tests_pipeline.sh)	2026-02-27T20:32:47.2526982Z 
Tests (ubuntu-22.04)	TP01-TP12 - pipeline (run_tests_pipeline.sh)	2026-02-27T20:32:47.2527139Z TP03 - Champ 'nom' manquant dans compute
Tests (ubuntu-22.04)	TP01-TP12 - pipeline (run_tests_pipeline.sh)	2026-02-27T20:32:47.3871797Z [0;32m  PASS[0m - ERREUR signalÃ©e
Tests (ubuntu-22.04)	TP01-TP12 - pipeline (run_tests_pipeline.sh)	2026-02-27T20:32:47.3889649Z [0;32m  PASS[0m - champ 'nom' mentionnÃ©
Tests (ubuntu-22.04)	TP01-TP12 - pipeline (run_tests_pipeline.sh)	2026-02-27T20:32:47.3889884Z 
Tests (ubuntu-22.04)	TP01-TP12 - pipeline (run_tests_pipeline.sh)	2026-02-27T20:32:47.3890014Z TP04 - OpÃ©ration inconnue
Tests (ubuntu-22.04)	TP01-TP12 - pipeline (run_tests_pipeline.sh)	2026-02-27T20:32:47.4790675Z [0;32m  PASS[0m - ERREUR signalÃ©e
Tests (ubuntu-22.04)	TP01-TP12 - pipeline (run_tests_pipeline.sh)	2026-02-27T20:32:47.4809268Z [0;32m  PASS[0m - nom de l'op dans l'erreur
Tests (ubuntu-22.04)	TP01-TP12 - pipeline (run_tests_pipeline.sh)	2026-02-27T20:32:47.4809610Z 
Tests (ubuntu-22.04)	TP01-TP12 - pipeline (run_tests_pipeline.sh)	2026-02-27T20:32:47.4809874Z TP05 - Compute : cd correct, chemins relatifs dans la base
Tests (ubuntu-22.04)	TP01-TP12 - pipeline (run_tests_pipeline.sh)	2026-02-27T20:32:47.6713221Z [0;32m  PASS[0m - base hashes_a.b3 crÃ©Ã©e
Tests (ubuntu-22.04)	TP01-TP12 - pipeline (run_tests_pipeline.sh)	2026-02-27T20:32:47.6758009Z [0;32m  PASS[0m - chemin relatif (./) dans base
Tests (ubuntu-22.04)	TP01-TP12 - pipeline (run_tests_pipeline.sh)	2026-02-27T20:32:47.6776726Z [0;32m  PASS[0m - pas de chemin absolu dans base
Tests (ubuntu-22.04)	TP01-TP12 - pipeline (run_tests_pipeline.sh)	2026-02-27T20:32:47.6794591Z [0;32m  PASS[0m - 3 fichiers indexÃ©s
Tests (ubuntu-22.04)	TP01-TP12 - pipeline (run_tests_pipeline.sh)	2026-02-27T20:32:47.6794948Z 
Tests (ubuntu-22.04)	TP01-TP12 - pipeline (run_tests_pipeline.sh)	2026-02-27T20:32:47.6795100Z TP06 - Compute : source absente -> erreur
Tests (ubuntu-22.04)	TP01-TP12 - pipeline (run_tests_pipeline.sh)	2026-02-27T20:32:47.8199673Z [0;32m  PASS[0m - ERREUR signalÃ©e
Tests (ubuntu-22.04)	TP01-TP12 - pipeline (run_tests_pipeline.sh)	2026-02-27T20:32:47.8200455Z [0;32m  PASS[0m - pas de base crÃ©Ã©e si source KO
Tests (ubuntu-22.04)	TP01-TP12 - pipeline (run_tests_pipeline.sh)	2026-02-27T20:32:47.8200784Z 
Tests (ubuntu-22.04)	TP01-TP12 - pipeline (run_tests_pipeline.sh)	2026-02-27T20:32:47.8201130Z TP07 - Verify : rÃ©pertoire de travail correct, vÃ©rification OK
Tests (ubuntu-22.04)	TP01-TP12 - pipeline (run_tests_pipeline.sh)	2026-02-27T20:32:47.9954260Z [0;32m  PASS[0m - verify OK
Tests (ubuntu-22.04)	TP01-TP12 - pipeline (run_tests_pipeline.sh)	2026-02-27T20:32:47.9972239Z [0;32m  PASS[0m - aucun FAILED
Tests (ubuntu-22.04)	TP01-TP12 - pipeline (run_tests_pipeline.sh)	2026-02-27T20:32:47.9998729Z [0;32m  PASS[0m - recap.txt produit
Tests (ubuntu-22.04)	TP01-TP12 - pipeline (run_tests_pipeline.sh)	2026-02-27T20:32:47.9999065Z 
Tests (ubuntu-22.04)	TP01-TP12 - pipeline (run_tests_pipeline.sh)	2026-02-27T20:32:47.9999280Z TP08 - Verify : corruption dÃ©tectÃ©e
Tests (ubuntu-22.04)	TP01-TP12 - pipeline (run_tests_pipeline.sh)	2026-02-27T20:32:48.1723885Z [0;32m  PASS[0m - ECHEC dÃ©tectÃ©
Tests (ubuntu-22.04)	TP01-TP12 - pipeline (run_tests_pipeline.sh)	2026-02-27T20:32:48.1724318Z 
Tests (ubuntu-22.04)	TP01-TP12 - pipeline (run_tests_pipeline.sh)	2026-02-27T20:32:48.1724544Z TP09 - Verify : base .b3 absente -> erreur
Tests (ubuntu-22.04)	TP01-TP12 - pipeline (run_tests_pipeline.sh)	2026-02-27T20:32:48.2935989Z [0;32m  PASS[0m - ERREUR si base absente
Tests (ubuntu-22.04)	TP01-TP12 - pipeline (run_tests_pipeline.sh)	2026-02-27T20:32:48.2936343Z 
Tests (ubuntu-22.04)	TP01-TP12 - pipeline (run_tests_pipeline.sh)	2026-02-27T20:32:48.2936627Z TP10 - Compare : fichiers de rÃ©sultats produits (sans champ resultats)
Tests (ubuntu-22.04)	TP01-TP12 - pipeline (run_tests_pipeline.sh)	2026-02-27T20:32:48.7429779Z ##[error]Process completed with exit code 1.
Tests (ubuntu-24.04)	TP01-TP12 - pipeline (run_tests_pipeline.sh)	ï»¿2026-02-27T20:32:47.5285446Z ##[group]Run chmod +x tests/run_tests_pipeline.sh
Tests (ubuntu-24.04)	TP01-TP12 - pipeline (run_tests_pipeline.sh)	2026-02-27T20:32:47.5285828Z [36;1mchmod +x tests/run_tests_pipeline.sh[0m
Tests (ubuntu-24.04)	TP01-TP12 - pipeline (run_tests_pipeline.sh)	2026-02-27T20:32:47.5286122Z [36;1mcd tests && ./run_tests_pipeline.sh[0m
Tests (ubuntu-24.04)	TP01-TP12 - pipeline (run_tests_pipeline.sh)	2026-02-27T20:32:47.5335040Z shell: /usr/bin/bash -e {0}
Tests (ubuntu-24.04)	TP01-TP12 - pipeline (run_tests_pipeline.sh)	2026-02-27T20:32:47.5335281Z ##[endgroup]
Tests (ubuntu-24.04)	TP01-TP12 - pipeline (run_tests_pipeline.sh)	2026-02-27T20:32:47.5504565Z 
Tests (ubuntu-24.04)	TP01-TP12 - pipeline (run_tests_pipeline.sh)	2026-02-27T20:32:47.5504969Z ========================================
Tests (ubuntu-24.04)	TP01-TP12 - pipeline (run_tests_pipeline.sh)	2026-02-27T20:32:47.5505554Z   runner.sh - suite de tests
Tests (ubuntu-24.04)	TP01-TP12 - pipeline (run_tests_pipeline.sh)	2026-02-27T20:32:47.5506038Z   Workdir : /tmp/integrity-pipeline-test.N7zLWW
Tests (ubuntu-24.04)	TP01-TP12 - pipeline (run_tests_pipeline.sh)	2026-02-27T20:32:47.5506538Z ========================================
Tests (ubuntu-24.04)	TP01-TP12 - pipeline (run_tests_pipeline.sh)	2026-02-27T20:32:47.5506841Z 
Tests (ubuntu-24.04)	TP01-TP12 - pipeline (run_tests_pipeline.sh)	2026-02-27T20:32:47.5506980Z TP00 - Permissions integrity.sh
Tests (ubuntu-24.04)	TP01-TP12 - pipeline (run_tests_pipeline.sh)	2026-02-27T20:32:47.5507518Z [0;32m  PASS[0m - integrity.sh est exÃ©cutable
Tests (ubuntu-24.04)	TP01-TP12 - pipeline (run_tests_pipeline.sh)	2026-02-27T20:32:47.5507731Z 
Tests (ubuntu-24.04)	TP01-TP12 - pipeline (run_tests_pipeline.sh)	2026-02-27T20:32:47.5507870Z TP01 - JSON invalide : erreur propre sans stacktrace jq
Tests (ubuntu-24.04)	TP01-TP12 - pipeline (run_tests_pipeline.sh)	2026-02-27T20:32:47.5593043Z [0;32m  PASS[0m - ERREUR signalÃ©e
Tests (ubuntu-24.04)	TP01-TP12 - pipeline (run_tests_pipeline.sh)	2026-02-27T20:32:47.5609466Z [0;32m  PASS[0m - pas de stacktrace jq
Tests (ubuntu-24.04)	TP01-TP12 - pipeline (run_tests_pipeline.sh)	2026-02-27T20:32:47.5609937Z 
Tests (ubuntu-24.04)	TP01-TP12 - pipeline (run_tests_pipeline.sh)	2026-02-27T20:32:47.5610086Z TP02 - .pipeline absent
Tests (ubuntu-24.04)	TP01-TP12 - pipeline (run_tests_pipeline.sh)	2026-02-27T20:32:47.5742089Z [0;32m  PASS[0m - ERREUR si .pipeline absent
Tests (ubuntu-24.04)	TP01-TP12 - pipeline (run_tests_pipeline.sh)	2026-02-27T20:32:47.5742526Z 
Tests (ubuntu-24.04)	TP01-TP12 - pipeline (run_tests_pipeline.sh)	2026-02-27T20:32:47.5742704Z TP03 - Champ 'nom' manquant dans compute
Tests (ubuntu-24.04)	TP01-TP12 - pipeline (run_tests_pipeline.sh)	2026-02-27T20:32:47.6087091Z [0;32m  PASS[0m - ERREUR signalÃ©e
Tests (ubuntu-24.04)	TP01-TP12 - pipeline (run_tests_pipeline.sh)	2026-02-27T20:32:47.6104093Z [0;32m  PASS[0m - champ 'nom' mentionnÃ©
Tests (ubuntu-24.04)	TP01-TP12 - pipeline (run_tests_pipeline.sh)	2026-02-27T20:32:47.6350002Z 
Tests (ubuntu-24.04)	TP01-TP12 - pipeline (run_tests_pipeline.sh)	2026-02-27T20:32:47.6350771Z TP04 - OpÃ©ration inconnue
Tests (ubuntu-24.04)	TP01-TP12 - pipeline (run_tests_pipeline.sh)	2026-02-27T20:32:47.6351610Z [0;32m  PASS[0m - ERREUR signalÃ©e
Tests (ubuntu-24.04)	TP01-TP12 - pipeline (run_tests_pipeline.sh)	2026-02-27T20:32:47.6367675Z [0;32m  PASS[0m - nom de l'op dans l'erreur
Tests (ubuntu-24.04)	TP01-TP12 - pipeline (run_tests_pipeline.sh)	2026-02-27T20:32:47.6368114Z 
Tests (ubuntu-24.04)	TP01-TP12 - pipeline (run_tests_pipeline.sh)	2026-02-27T20:32:47.6368350Z TP05 - Compute : cd correct, chemins relatifs dans la base
Tests (ubuntu-24.04)	TP01-TP12 - pipeline (run_tests_pipeline.sh)	2026-02-27T20:32:47.7109974Z [0;32m  PASS[0m - base hashes_a.b3 crÃ©Ã©e
Tests (ubuntu-24.04)	TP01-TP12 - pipeline (run_tests_pipeline.sh)	2026-02-27T20:32:47.7155988Z [0;32m  PASS[0m - chemin relatif (./) dans base
Tests (ubuntu-24.04)	TP01-TP12 - pipeline (run_tests_pipeline.sh)	2026-02-27T20:32:47.7173629Z [0;32m  PASS[0m - pas de chemin absolu dans base
Tests (ubuntu-24.04)	TP01-TP12 - pipeline (run_tests_pipeline.sh)	2026-02-27T20:32:47.7191434Z [0;32m  PASS[0m - 3 fichiers indexÃ©s
Tests (ubuntu-24.04)	TP01-TP12 - pipeline (run_tests_pipeline.sh)	2026-02-27T20:32:47.7191875Z 
Tests (ubuntu-24.04)	TP01-TP12 - pipeline (run_tests_pipeline.sh)	2026-02-27T20:32:47.7192052Z TP06 - Compute : source absente -> erreur
Tests (ubuntu-24.04)	TP01-TP12 - pipeline (run_tests_pipeline.sh)	2026-02-27T20:32:47.7549820Z [0;32m  PASS[0m - ERREUR signalÃ©e
Tests (ubuntu-24.04)	TP01-TP12 - pipeline (run_tests_pipeline.sh)	2026-02-27T20:32:47.7550540Z [0;32m  PASS[0m - pas de base crÃ©Ã©e si source KO
Tests (ubuntu-24.04)	TP01-TP12 - pipeline (run_tests_pipeline.sh)	2026-02-27T20:32:47.7550954Z 
Tests (ubuntu-24.04)	TP01-TP12 - pipeline (run_tests_pipeline.sh)	2026-02-27T20:32:47.7551611Z TP07 - Verify : rÃ©pertoire de travail correct, vÃ©rification OK
Tests (ubuntu-24.04)	TP01-TP12 - pipeline (run_tests_pipeline.sh)	2026-02-27T20:32:47.8277150Z [0;32m  PASS[0m - verify OK
Tests (ubuntu-24.04)	TP01-TP12 - pipeline (run_tests_pipeline.sh)	2026-02-27T20:32:47.8294940Z [0;32m  PASS[0m - aucun FAILED
Tests (ubuntu-24.04)	TP01-TP12 - pipeline (run_tests_pipeline.sh)	2026-02-27T20:32:47.8322889Z [0;32m  PASS[0m - recap.txt produit
Tests (ubuntu-24.04)	TP01-TP12 - pipeline (run_tests_pipeline.sh)	2026-02-27T20:32:47.8323237Z 
Tests (ubuntu-24.04)	TP01-TP12 - pipeline (run_tests_pipeline.sh)	2026-02-27T20:32:47.8323470Z TP08 - Verify : corruption dÃ©tectÃ©e
Tests (ubuntu-24.04)	TP01-TP12 - pipeline (run_tests_pipeline.sh)	2026-02-27T20:32:47.9039343Z [0;32m  PASS[0m - ECHEC dÃ©tectÃ©
Tests (ubuntu-24.04)	TP01-TP12 - pipeline (run_tests_pipeline.sh)	2026-02-27T20:32:47.9039778Z 
Tests (ubuntu-24.04)	TP01-TP12 - pipeline (run_tests_pipeline.sh)	2026-02-27T20:32:47.9039956Z TP09 - Verify : base .b3 absente -> erreur
Tests (ubuntu-24.04)	TP01-TP12 - pipeline (run_tests_pipeline.sh)	2026-02-27T20:32:47.9356235Z [0;32m  PASS[0m - ERREUR si base absente
Tests (ubuntu-24.04)	TP01-TP12 - pipeline (run_tests_pipeline.sh)	2026-02-27T20:32:47.9356758Z 
Tests (ubuntu-24.04)	TP01-TP12 - pipeline (run_tests_pipeline.sh)	2026-02-27T20:32:47.9357253Z TP10 - Compare : fichiers de rÃ©sultats produits (sans champ resultats)
Tests (ubuntu-24.04)	TP01-TP12 - pipeline (run_tests_pipeline.sh)	2026-02-27T20:32:48.0944405Z ##[error]Process completed with exit code 1.
