Docker build & smoke tests	Smoke test - compute via volume	ï»¿2026-02-27T19:48:57.5364239Z ##[group]Run mkdir -p /tmp/testdata /tmp/testbases
Docker build & smoke tests	Smoke test - compute via volume	2026-02-27T19:48:57.5364665Z [36;1mmkdir -p /tmp/testdata /tmp/testbases[0m
Docker build & smoke tests	Smoke test - compute via volume	2026-02-27T19:48:57.5365008Z [36;1mecho "contenu alpha" > /tmp/testdata/alpha.txt[0m
Docker build & smoke tests	Smoke test - compute via volume	2026-02-27T19:48:57.5365345Z [36;1mecho "contenu beta"  > /tmp/testdata/beta.txt[0m
Docker build & smoke tests	Smoke test - compute via volume	2026-02-27T19:48:57.5365626Z [36;1mdocker run --rm \[0m
Docker build & smoke tests	Smoke test - compute via volume	2026-02-27T19:48:57.5365853Z [36;1m  -v /tmp/testdata:/data:ro \[0m
Docker build & smoke tests	Smoke test - compute via volume	2026-02-27T19:48:57.5366112Z [36;1m  -v /tmp/testbases:/bases \[0m
Docker build & smoke tests	Smoke test - compute via volume	2026-02-27T19:48:57.5366380Z [36;1m  hash_tool compute /data /bases/test.b3[0m
Docker build & smoke tests	Smoke test - compute via volume	2026-02-27T19:48:57.5366746Z [36;1m# VÃ©rifie que le fichier .b3 est produit et non vide[0m
Docker build & smoke tests	Smoke test - compute via volume	2026-02-27T19:48:57.5367224Z [36;1m[ -s /tmp/testbases/test.b3 ] || (echo "ERREUR : test.b3 vide ou absent" && exit 1)[0m
Docker build & smoke tests	Smoke test - compute via volume	2026-02-27T19:48:57.5367740Z [36;1mecho "test.b3 produit : $(wc -l < /tmp/testbases/test.b3) ligne(s)"[0m
Docker build & smoke tests	Smoke test - compute via volume	2026-02-27T19:48:57.5419065Z shell: /usr/bin/bash -e {0}
Docker build & smoke tests	Smoke test - compute via volume	2026-02-27T19:48:57.5419329Z ##[endgroup]
Docker build & smoke tests	Smoke test - compute via volume	2026-02-27T19:48:57.6768639Z ERREUR : module introuvable : /app/src/lib/ui.sh
Docker build & smoke tests	Smoke test - compute via volume	2026-02-27T19:48:57.7531332Z ##[error]Process completed with exit code 1.
Tests (ubuntu-22.04)	TP01-TP12 - pipeline (run_tests_pipeline.sh)	ï»¿2026-02-27T19:49:02.8436818Z ##[group]Run chmod +x tests/run_tests_pipeline.sh
Tests (ubuntu-22.04)	TP01-TP12 - pipeline (run_tests_pipeline.sh)	2026-02-27T19:49:02.8437179Z [36;1mchmod +x tests/run_tests_pipeline.sh[0m
Tests (ubuntu-22.04)	TP01-TP12 - pipeline (run_tests_pipeline.sh)	2026-02-27T19:49:02.8437448Z [36;1mcd tests && ./run_tests_pipeline.sh[0m
Tests (ubuntu-22.04)	TP01-TP12 - pipeline (run_tests_pipeline.sh)	2026-02-27T19:49:02.8460171Z shell: /usr/bin/bash -e {0}
Tests (ubuntu-22.04)	TP01-TP12 - pipeline (run_tests_pipeline.sh)	2026-02-27T19:49:02.8460411Z ##[endgroup]
Tests (ubuntu-22.04)	TP01-TP12 - pipeline (run_tests_pipeline.sh)	2026-02-27T19:49:02.8578147Z 
Tests (ubuntu-22.04)	TP01-TP12 - pipeline (run_tests_pipeline.sh)	2026-02-27T19:49:02.8578622Z ========================================
Tests (ubuntu-22.04)	TP01-TP12 - pipeline (run_tests_pipeline.sh)	2026-02-27T19:49:02.8579102Z   runner.sh - suite de tests
Tests (ubuntu-22.04)	TP01-TP12 - pipeline (run_tests_pipeline.sh)	2026-02-27T19:49:02.8579648Z   Workdir : /tmp/integrity-pipeline-test.gjsaLP
Tests (ubuntu-22.04)	TP01-TP12 - pipeline (run_tests_pipeline.sh)	2026-02-27T19:49:02.8579986Z ========================================
Tests (ubuntu-22.04)	TP01-TP12 - pipeline (run_tests_pipeline.sh)	2026-02-27T19:49:02.8580148Z 
Tests (ubuntu-22.04)	TP01-TP12 - pipeline (run_tests_pipeline.sh)	2026-02-27T19:49:02.8799064Z TP00 - Permissions integrity.sh
Tests (ubuntu-22.04)	TP01-TP12 - pipeline (run_tests_pipeline.sh)	2026-02-27T19:49:02.8800162Z [0;32m  PASS[0m - integrity.sh est exÃ©cutable
Tests (ubuntu-22.04)	TP01-TP12 - pipeline (run_tests_pipeline.sh)	2026-02-27T19:49:02.8800526Z 
Tests (ubuntu-22.04)	TP01-TP12 - pipeline (run_tests_pipeline.sh)	2026-02-27T19:49:02.8800757Z TP01 - JSON invalide : erreur propre sans stacktrace jq
Tests (ubuntu-22.04)	TP01-TP12 - pipeline (run_tests_pipeline.sh)	2026-02-27T19:49:02.8801307Z [0;32m  PASS[0m - ERREUR signalÃ©e
Tests (ubuntu-22.04)	TP01-TP12 - pipeline (run_tests_pipeline.sh)	2026-02-27T19:49:02.8813080Z [0;32m  PASS[0m - pas de stacktrace jq
Tests (ubuntu-22.04)	TP01-TP12 - pipeline (run_tests_pipeline.sh)	2026-02-27T19:49:02.8813588Z 
Tests (ubuntu-22.04)	TP01-TP12 - pipeline (run_tests_pipeline.sh)	2026-02-27T19:49:02.8814089Z TP02 - .pipeline absent
Tests (ubuntu-22.04)	TP01-TP12 - pipeline (run_tests_pipeline.sh)	2026-02-27T19:49:02.9221286Z [0;32m  PASS[0m - ERREUR si .pipeline absent
Tests (ubuntu-22.04)	TP01-TP12 - pipeline (run_tests_pipeline.sh)	2026-02-27T19:49:02.9221562Z 
Tests (ubuntu-22.04)	TP01-TP12 - pipeline (run_tests_pipeline.sh)	2026-02-27T19:49:02.9221671Z TP03 - Champ 'nom' manquant dans compute
Tests (ubuntu-22.04)	TP01-TP12 - pipeline (run_tests_pipeline.sh)	2026-02-27T19:49:03.0737841Z [0;32m  PASS[0m - ERREUR signalÃ©e
Tests (ubuntu-22.04)	TP01-TP12 - pipeline (run_tests_pipeline.sh)	2026-02-27T19:49:03.0752753Z [0;32m  PASS[0m - champ 'nom' mentionnÃ©
Tests (ubuntu-22.04)	TP01-TP12 - pipeline (run_tests_pipeline.sh)	2026-02-27T19:49:03.0753155Z 
Tests (ubuntu-22.04)	TP01-TP12 - pipeline (run_tests_pipeline.sh)	2026-02-27T19:49:03.0753281Z TP04 - OpÃ©ration inconnue
Tests (ubuntu-22.04)	TP01-TP12 - pipeline (run_tests_pipeline.sh)	2026-02-27T19:49:03.1725164Z [0;32m  PASS[0m - ERREUR signalÃ©e
Tests (ubuntu-22.04)	TP01-TP12 - pipeline (run_tests_pipeline.sh)	2026-02-27T19:49:03.1742005Z [0;32m  PASS[0m - nom de l'op dans l'erreur
Tests (ubuntu-22.04)	TP01-TP12 - pipeline (run_tests_pipeline.sh)	2026-02-27T19:49:03.1742302Z 
Tests (ubuntu-22.04)	TP01-TP12 - pipeline (run_tests_pipeline.sh)	2026-02-27T19:49:03.1742488Z TP05 - Compute : cd correct, chemins relatifs dans la base
Tests (ubuntu-22.04)	TP01-TP12 - pipeline (run_tests_pipeline.sh)	2026-02-27T19:49:03.3446307Z ##[error]Process completed with exit code 1.
Tests (ubuntu-24.04)	TP01-TP12 - pipeline (run_tests_pipeline.sh)	ï»¿2026-02-27T19:49:05.3680311Z ##[group]Run chmod +x tests/run_tests_pipeline.sh
Tests (ubuntu-24.04)	TP01-TP12 - pipeline (run_tests_pipeline.sh)	2026-02-27T19:49:05.3680704Z [36;1mchmod +x tests/run_tests_pipeline.sh[0m
Tests (ubuntu-24.04)	TP01-TP12 - pipeline (run_tests_pipeline.sh)	2026-02-27T19:49:05.3680995Z [36;1mcd tests && ./run_tests_pipeline.sh[0m
Tests (ubuntu-24.04)	TP01-TP12 - pipeline (run_tests_pipeline.sh)	2026-02-27T19:49:05.3730006Z shell: /usr/bin/bash -e {0}
Tests (ubuntu-24.04)	TP01-TP12 - pipeline (run_tests_pipeline.sh)	2026-02-27T19:49:05.3730252Z ##[endgroup]
Tests (ubuntu-24.04)	TP01-TP12 - pipeline (run_tests_pipeline.sh)	2026-02-27T19:49:05.3904029Z 
Tests (ubuntu-24.04)	TP01-TP12 - pipeline (run_tests_pipeline.sh)	2026-02-27T19:49:05.3904480Z ========================================
Tests (ubuntu-24.04)	TP01-TP12 - pipeline (run_tests_pipeline.sh)	2026-02-27T19:49:05.3905020Z   runner.sh - suite de tests
Tests (ubuntu-24.04)	TP01-TP12 - pipeline (run_tests_pipeline.sh)	2026-02-27T19:49:05.3905437Z   Workdir : /tmp/integrity-pipeline-test.HhaJGB
Tests (ubuntu-24.04)	TP01-TP12 - pipeline (run_tests_pipeline.sh)	2026-02-27T19:49:05.3905733Z ========================================
Tests (ubuntu-24.04)	TP01-TP12 - pipeline (run_tests_pipeline.sh)	2026-02-27T19:49:05.3905899Z 
Tests (ubuntu-24.04)	TP01-TP12 - pipeline (run_tests_pipeline.sh)	2026-02-27T19:49:05.3905997Z TP00 - Permissions integrity.sh
Tests (ubuntu-24.04)	TP01-TP12 - pipeline (run_tests_pipeline.sh)	2026-02-27T19:49:05.3906501Z [0;32m  PASS[0m - integrity.sh est exÃ©cutable
Tests (ubuntu-24.04)	TP01-TP12 - pipeline (run_tests_pipeline.sh)	2026-02-27T19:49:05.3906705Z 
Tests (ubuntu-24.04)	TP01-TP12 - pipeline (run_tests_pipeline.sh)	2026-02-27T19:49:05.3906849Z TP01 - JSON invalide : erreur propre sans stacktrace jq
Tests (ubuntu-24.04)	TP01-TP12 - pipeline (run_tests_pipeline.sh)	2026-02-27T19:49:05.3992741Z [0;32m  PASS[0m - ERREUR signalÃ©e
Tests (ubuntu-24.04)	TP01-TP12 - pipeline (run_tests_pipeline.sh)	2026-02-27T19:49:05.4009107Z [0;32m  PASS[0m - pas de stacktrace jq
Tests (ubuntu-24.04)	TP01-TP12 - pipeline (run_tests_pipeline.sh)	2026-02-27T19:49:05.4009624Z 
Tests (ubuntu-24.04)	TP01-TP12 - pipeline (run_tests_pipeline.sh)	2026-02-27T19:49:05.4010278Z TP02 - .pipeline absent
Tests (ubuntu-24.04)	TP01-TP12 - pipeline (run_tests_pipeline.sh)	2026-02-27T19:49:05.4142364Z [0;32m  PASS[0m - ERREUR si .pipeline absent
Tests (ubuntu-24.04)	TP01-TP12 - pipeline (run_tests_pipeline.sh)	2026-02-27T19:49:05.4142869Z 
Tests (ubuntu-24.04)	TP01-TP12 - pipeline (run_tests_pipeline.sh)	2026-02-27T19:49:05.4143044Z TP03 - Champ 'nom' manquant dans compute
Tests (ubuntu-24.04)	TP01-TP12 - pipeline (run_tests_pipeline.sh)	2026-02-27T19:49:05.4489030Z [0;32m  PASS[0m - ERREUR signalÃ©e
Tests (ubuntu-24.04)	TP01-TP12 - pipeline (run_tests_pipeline.sh)	2026-02-27T19:49:05.4506691Z [0;32m  PASS[0m - champ 'nom' mentionnÃ©
Tests (ubuntu-24.04)	TP01-TP12 - pipeline (run_tests_pipeline.sh)	2026-02-27T19:49:05.4507062Z 
Tests (ubuntu-24.04)	TP01-TP12 - pipeline (run_tests_pipeline.sh)	2026-02-27T19:49:05.4507267Z TP04 - OpÃ©ration inconnue
Tests (ubuntu-24.04)	TP01-TP12 - pipeline (run_tests_pipeline.sh)	2026-02-27T19:49:05.4756335Z [0;32m  PASS[0m - ERREUR signalÃ©e
Tests (ubuntu-24.04)	TP01-TP12 - pipeline (run_tests_pipeline.sh)	2026-02-27T19:49:05.4774836Z [0;32m  PASS[0m - nom de l'op dans l'erreur
Tests (ubuntu-24.04)	TP01-TP12 - pipeline (run_tests_pipeline.sh)	2026-02-27T19:49:05.4775244Z 
Tests (ubuntu-24.04)	TP01-TP12 - pipeline (run_tests_pipeline.sh)	2026-02-27T19:49:05.4775481Z TP05 - Compute : cd correct, chemins relatifs dans la base
Tests (ubuntu-24.04)	TP01-TP12 - pipeline (run_tests_pipeline.sh)	2026-02-27T19:49:05.5345839Z ##[error]Process completed with exit code 1.
