Docker build & smoke tests	Smoke test - compute via volume	ï»¿2026-02-27T20:07:56.5003955Z ##[group]Run mkdir -p /tmp/testdata /tmp/testbases
Docker build & smoke tests	Smoke test - compute via volume	2026-02-27T20:07:56.5004381Z [36;1mmkdir -p /tmp/testdata /tmp/testbases[0m
Docker build & smoke tests	Smoke test - compute via volume	2026-02-27T20:07:56.5004717Z [36;1mecho "contenu alpha" > /tmp/testdata/alpha.txt[0m
Docker build & smoke tests	Smoke test - compute via volume	2026-02-27T20:07:56.5005322Z [36;1mecho "contenu beta"  > /tmp/testdata/beta.txt[0m
Docker build & smoke tests	Smoke test - compute via volume	2026-02-27T20:07:56.5005599Z [36;1mdocker run --rm \[0m
Docker build & smoke tests	Smoke test - compute via volume	2026-02-27T20:07:56.5005823Z [36;1m  -v /tmp/testdata:/data:ro \[0m
Docker build & smoke tests	Smoke test - compute via volume	2026-02-27T20:07:56.5006076Z [36;1m  -v /tmp/testbases:/bases \[0m
Docker build & smoke tests	Smoke test - compute via volume	2026-02-27T20:07:56.5006358Z [36;1m  hash_tool compute /data /bases/test.b3[0m
Docker build & smoke tests	Smoke test - compute via volume	2026-02-27T20:07:56.5006734Z [36;1m# VÃ©rifie que le fichier .b3 est produit et non vide[0m
Docker build & smoke tests	Smoke test - compute via volume	2026-02-27T20:07:56.5007202Z [36;1m[ -s /tmp/testbases/test.b3 ] || (echo "ERREUR : test.b3 vide ou absent" && exit 1)[0m
Docker build & smoke tests	Smoke test - compute via volume	2026-02-27T20:07:56.5007714Z [36;1mecho "test.b3 produit : $(wc -l < /tmp/testbases/test.b3) ligne(s)"[0m
Docker build & smoke tests	Smoke test - compute via volume	2026-02-27T20:07:56.5059395Z shell: /usr/bin/bash -e {0}
Docker build & smoke tests	Smoke test - compute via volume	2026-02-27T20:07:56.5059630Z ##[endgroup]
Docker build & smoke tests	Smoke test - compute via volume	2026-02-27T20:07:56.6480919Z grep: unrecognized option: z
Docker build & smoke tests	Smoke test - compute via volume	2026-02-27T20:07:56.6516545Z BusyBox v1.36.1 (2025-08-05 16:46:20 UTC) multi-call binary.
Docker build & smoke tests	Smoke test - compute via volume	2026-02-27T20:07:56.6516996Z 
Docker build & smoke tests	Smoke test - compute via volume	2026-02-27T20:07:56.6517453Z Usage: grep [-HhnlLoqvsrRiwFE] [-m N] [-A|B|C N] { PATTERN | -e PATTERN... | -f FILE... } [FILE]...
Docker build & smoke tests	Smoke test - compute via volume	2026-02-27T20:07:56.6518108Z 
Docker build & smoke tests	Smoke test - compute via volume	2026-02-27T20:07:56.6518265Z Search for PATTERN in FILEs (or stdin)
Docker build & smoke tests	Smoke test - compute via volume	2026-02-27T20:07:56.6518697Z 
Docker build & smoke tests	Smoke test - compute via volume	2026-02-27T20:07:56.6518889Z 	-H	Add 'filename:' prefix
Docker build & smoke tests	Smoke test - compute via volume	2026-02-27T20:07:56.6520017Z 	-h	Do not add 'filename:' prefix
Docker build & smoke tests	Smoke test - compute via volume	2026-02-27T20:07:56.6520478Z 	-n	Add 'line_no:' prefix
Docker build & smoke tests	Smoke test - compute via volume	2026-02-27T20:07:56.6521038Z 	-l	Show only names of files that match
Docker build & smoke tests	Smoke test - compute via volume	2026-02-27T20:07:56.6521559Z 	-L	Show only names of files that don't match
Docker build & smoke tests	Smoke test - compute via volume	2026-02-27T20:07:56.6522028Z 	-c	Show only count of matching lines
Docker build & smoke tests	Smoke test - compute via volume	2026-02-27T20:07:56.6522457Z 	-o	Show only the matching part of line
Docker build & smoke tests	Smoke test - compute via volume	2026-02-27T20:07:56.6522952Z 	-q	Quiet. Return 0 if PATTERN is found, 1 otherwise
Docker build & smoke tests	Smoke test - compute via volume	2026-02-27T20:07:56.6523982Z 	-v	Select non-matching lines
Docker build & smoke tests	Smoke test - compute via volume	2026-02-27T20:07:56.6524414Z 	-s	Suppress open and read errors
Docker build & smoke tests	Smoke test - compute via volume	2026-02-27T20:07:56.6525070Z 	-r	Recurse
Docker build & smoke tests	Smoke test - compute via volume	2026-02-27T20:07:56.6525490Z 	-R	Recurse and dereference symlinks
Docker build & smoke tests	Smoke test - compute via volume	2026-02-27T20:07:56.6603967Z 	-i	Ignore case
Docker build & smoke tests	Smoke test - compute via volume	2026-02-27T20:07:56.6604334Z 	-w	Match whole words only
Docker build & smoke tests	Smoke test - compute via volume	2026-02-27T20:07:56.6605223Z 	-x	Match whole lines only
Docker build & smoke tests	Smoke test - compute via volume	2026-02-27T20:07:56.6605985Z 	-F	PATTERN is a literal (not regexp)
Docker build & smoke tests	Smoke test - compute via volume	2026-02-27T20:07:56.6606801Z 	-E	PATTERN is an extended regexp
Docker build & smoke tests	Smoke test - compute via volume	2026-02-27T20:07:56.6609327Z 	-m N	Match up to N times per file
Docker build & smoke tests	Smoke test - compute via volume	2026-02-27T20:07:56.6609757Z 	-A N	Print N lines of trailing context
Docker build & smoke tests	Smoke test - compute via volume	2026-02-27T20:07:56.6610265Z 	-B N	Print N lines of leading context
Docker build & smoke tests	Smoke test - compute via volume	2026-02-27T20:07:56.6610699Z 	-C N	Same as '-A N -B N'
Docker build & smoke tests	Smoke test - compute via volume	2026-02-27T20:07:56.6611053Z 	-e PTRN	Pattern to match
Docker build & smoke tests	Smoke test - compute via volume	2026-02-27T20:07:56.6611406Z 	-f FILE	Read pattern from file
Docker build & smoke tests	Smoke test - compute via volume	2026-02-27T20:07:56.6612407Z ERREUR : Le dossier /data ne contient aucun fichier rÃ©gulier - rien Ã  hacher.
Docker build & smoke tests	Smoke test - compute via volume	2026-02-27T20:07:56.7181894Z ##[error]Process completed with exit code 1.
Tests (ubuntu-22.04)	Debug T01	ï»¿2026-02-27T20:08:15.4824131Z ##[group]Run cd /tmp
Tests (ubuntu-22.04)	Debug T01	2026-02-27T20:08:15.4824586Z [36;1mcd /tmp[0m
Tests (ubuntu-22.04)	Debug T01	2026-02-27T20:08:15.4824815Z [36;1mmkdir -p integrity-debug/data[0m
Tests (ubuntu-22.04)	Debug T01	2026-02-27T20:08:15.4825089Z [36;1mecho "test" > integrity-debug/data/f.txt[0m
Tests (ubuntu-22.04)	Debug T01	2026-02-27T20:08:15.4825367Z [36;1mcd integrity-debug[0m
Tests (ubuntu-22.04)	Debug T01	2026-02-27T20:08:15.4825746Z [36;1mbash /home/runner/work/hash-tool/hash-tool/src/integrity.sh compute ./data base.b3[0m
Tests (ubuntu-22.04)	Debug T01	2026-02-27T20:08:15.4850233Z shell: /usr/bin/bash -e {0}
Tests (ubuntu-22.04)	Debug T01	2026-02-27T20:08:15.4850510Z ##[endgroup]
Tests (ubuntu-22.04)	Debug T01	2026-02-27T20:08:15.5052962Z /home/runner/work/hash-tool/hash-tool/src/lib/ui.sh: line 91: /dev/tty: No such device or address
Tests (ubuntu-22.04)	Debug T01	2026-02-27T20:08:15.5069672Z ##[error]Process completed with exit code 1.
Tests (ubuntu-24.04)	Debug T01	ï»¿2026-02-27T20:08:01.9610636Z ##[group]Run cd /tmp
Tests (ubuntu-24.04)	Debug T01	2026-02-27T20:08:01.9610934Z [36;1mcd /tmp[0m
Tests (ubuntu-24.04)	Debug T01	2026-02-27T20:08:01.9611146Z [36;1mmkdir -p integrity-debug/data[0m
Tests (ubuntu-24.04)	Debug T01	2026-02-27T20:08:01.9611427Z [36;1mecho "test" > integrity-debug/data/f.txt[0m
Tests (ubuntu-24.04)	Debug T01	2026-02-27T20:08:01.9611703Z [36;1mcd integrity-debug[0m
Tests (ubuntu-24.04)	Debug T01	2026-02-27T20:08:01.9612100Z [36;1mbash /home/runner/work/hash-tool/hash-tool/src/integrity.sh compute ./data base.b3[0m
Tests (ubuntu-24.04)	Debug T01	2026-02-27T20:08:01.9664235Z shell: /usr/bin/bash -e {0}
Tests (ubuntu-24.04)	Debug T01	2026-02-27T20:08:01.9664544Z ##[endgroup]
Tests (ubuntu-24.04)	Debug T01	2026-02-27T20:08:01.9951572Z /home/runner/work/hash-tool/hash-tool/src/lib/ui.sh: line 91: /dev/tty: No such device or address
Tests (ubuntu-24.04)	Debug T01	2026-02-27T20:08:01.9968043Z ##[error]Process completed with exit code 1.
