Tests (ubuntu-24.04)	Debug T01	ï»¿2026-02-27T20:00:47.1524179Z ##[group]Run cd /tmp
Tests (ubuntu-24.04)	Debug T01	2026-02-27T20:00:47.1524417Z [36;1mcd /tmp[0m
Tests (ubuntu-24.04)	Debug T01	2026-02-27T20:00:47.1524616Z [36;1mmkdir -p integrity-debug/data[0m
Tests (ubuntu-24.04)	Debug T01	2026-02-27T20:00:47.1524895Z [36;1mecho "test" > integrity-debug/data/f.txt[0m
Tests (ubuntu-24.04)	Debug T01	2026-02-27T20:00:47.1525171Z [36;1mcd integrity-debug[0m
Tests (ubuntu-24.04)	Debug T01	2026-02-27T20:00:47.1525583Z [36;1mbash /home/runner/work/hash-tool/hash-tool/src/integrity.sh compute ./data base.b3[0m
Tests (ubuntu-24.04)	Debug T01	2026-02-27T20:00:47.1574584Z shell: /usr/bin/bash -e {0}
Tests (ubuntu-24.04)	Debug T01	2026-02-27T20:00:47.1574828Z ##[endgroup]
Tests (ubuntu-24.04)	Debug T01	2026-02-27T20:00:47.1839127Z /home/runner/work/hash-tool/hash-tool/src/lib/ui.sh: line 83: _TTY_OUT: unbound variable
Tests (ubuntu-24.04)	Debug T01	2026-02-27T20:00:47.1854526Z ##[error]Process completed with exit code 1.
Tests (ubuntu-22.04)	Debug T01	ï»¿2026-02-27T20:00:46.1165463Z ##[group]Run cd /tmp
Tests (ubuntu-22.04)	Debug T01	2026-02-27T20:00:46.1165718Z [36;1mcd /tmp[0m
Tests (ubuntu-22.04)	Debug T01	2026-02-27T20:00:46.1165930Z [36;1mmkdir -p integrity-debug/data[0m
Tests (ubuntu-22.04)	Debug T01	2026-02-27T20:00:46.1166216Z [36;1mecho "test" > integrity-debug/data/f.txt[0m
Tests (ubuntu-22.04)	Debug T01	2026-02-27T20:00:46.1166500Z [36;1mcd integrity-debug[0m
Tests (ubuntu-22.04)	Debug T01	2026-02-27T20:00:46.1166918Z [36;1mbash /home/runner/work/hash-tool/hash-tool/src/integrity.sh compute ./data base.b3[0m
Tests (ubuntu-22.04)	Debug T01	2026-02-27T20:00:46.1205485Z shell: /usr/bin/bash -e {0}
Tests (ubuntu-22.04)	Debug T01	2026-02-27T20:00:46.1205731Z ##[endgroup]
Tests (ubuntu-22.04)	Debug T01	2026-02-27T20:00:46.1448054Z /home/runner/work/hash-tool/hash-tool/src/lib/ui.sh: line 83: _TTY_OUT: unbound variable
Tests (ubuntu-22.04)	Debug T01	2026-02-27T20:00:46.1463055Z ##[error]Process completed with exit code 1.
Docker build & smoke tests	Smoke test - compute via volume	ï»¿2026-02-27T20:00:36.5231850Z ##[group]Run mkdir -p /tmp/testdata /tmp/testbases
Docker build & smoke tests	Smoke test - compute via volume	2026-02-27T20:00:36.5232279Z [36;1mmkdir -p /tmp/testdata /tmp/testbases[0m
Docker build & smoke tests	Smoke test - compute via volume	2026-02-27T20:00:36.5232603Z [36;1mecho "contenu alpha" > /tmp/testdata/alpha.txt[0m
Docker build & smoke tests	Smoke test - compute via volume	2026-02-27T20:00:36.5232938Z [36;1mecho "contenu beta"  > /tmp/testdata/beta.txt[0m
Docker build & smoke tests	Smoke test - compute via volume	2026-02-27T20:00:36.5233211Z [36;1mdocker run --rm \[0m
Docker build & smoke tests	Smoke test - compute via volume	2026-02-27T20:00:36.5233434Z [36;1m  -v /tmp/testdata:/data:ro \[0m
Docker build & smoke tests	Smoke test - compute via volume	2026-02-27T20:00:36.5233672Z [36;1m  -v /tmp/testbases:/bases \[0m
Docker build & smoke tests	Smoke test - compute via volume	2026-02-27T20:00:36.5233934Z [36;1m  hash_tool compute /data /bases/test.b3[0m
Docker build & smoke tests	Smoke test - compute via volume	2026-02-27T20:00:36.5234326Z [36;1m# VÃ©rifie que le fichier .b3 est produit et non vide[0m
Docker build & smoke tests	Smoke test - compute via volume	2026-02-27T20:00:36.5234803Z [36;1m[ -s /tmp/testbases/test.b3 ] || (echo "ERREUR : test.b3 vide ou absent" && exit 1)[0m
Docker build & smoke tests	Smoke test - compute via volume	2026-02-27T20:00:36.5235342Z [36;1mecho "test.b3 produit : $(wc -l < /tmp/testbases/test.b3) ligne(s)"[0m
Docker build & smoke tests	Smoke test - compute via volume	2026-02-27T20:00:36.5284289Z shell: /usr/bin/bash -e {0}
Docker build & smoke tests	Smoke test - compute via volume	2026-02-27T20:00:36.5284520Z ##[endgroup]
Docker build & smoke tests	Smoke test - compute via volume	2026-02-27T20:00:36.6611709Z ERREUR : /app/runner.sh introuvable
Docker build & smoke tests	Smoke test - compute via volume	2026-02-27T20:00:36.7405348Z ##[error]Process completed with exit code 1.
