Tests (ubuntu-24.04)	Debug T01	ï»¿2026-02-27T20:29:28.0403572Z ##[group]Run cd /tmp
Tests (ubuntu-24.04)	Debug T01	2026-02-27T20:29:28.0403827Z [36;1mcd /tmp[0m
Tests (ubuntu-24.04)	Debug T01	2026-02-27T20:29:28.0404032Z [36;1mmkdir -p integrity-debug/data[0m
Tests (ubuntu-24.04)	Debug T01	2026-02-27T20:29:28.0404324Z [36;1mecho "test" > integrity-debug/data/f.txt[0m
Tests (ubuntu-24.04)	Debug T01	2026-02-27T20:29:28.0404610Z [36;1mcd integrity-debug[0m
Tests (ubuntu-24.04)	Debug T01	2026-02-27T20:29:28.0405014Z [36;1mbash /home/runner/work/hash-tool/hash-tool/src/integrity.sh compute ./data base.b3[0m
Tests (ubuntu-24.04)	Debug T01	2026-02-27T20:29:28.0453656Z shell: /usr/bin/bash -e {0}
Tests (ubuntu-24.04)	Debug T01	2026-02-27T20:29:28.0453900Z ##[endgroup]
Tests (ubuntu-24.04)	Debug T01	2026-02-27T20:29:28.0723568Z /home/runner/work/hash-tool/hash-tool/src/lib/ui.sh: line 91: /dev/tty: No such device or address
Tests (ubuntu-24.04)	Debug T01	2026-02-27T20:29:28.0738419Z ##[error]Process completed with exit code 1.
Tests (ubuntu-22.04)	Debug T01	ï»¿2026-02-27T20:29:36.8736453Z ##[group]Run cd /tmp
Tests (ubuntu-22.04)	Debug T01	2026-02-27T20:29:36.8736689Z [36;1mcd /tmp[0m
Tests (ubuntu-22.04)	Debug T01	2026-02-27T20:29:36.8736893Z [36;1mmkdir -p integrity-debug/data[0m
Tests (ubuntu-22.04)	Debug T01	2026-02-27T20:29:36.8737167Z [36;1mecho "test" > integrity-debug/data/f.txt[0m
Tests (ubuntu-22.04)	Debug T01	2026-02-27T20:29:36.8737440Z [36;1mcd integrity-debug[0m
Tests (ubuntu-22.04)	Debug T01	2026-02-27T20:29:36.8737845Z [36;1mbash /home/runner/work/hash-tool/hash-tool/src/integrity.sh compute ./data base.b3[0m
Tests (ubuntu-22.04)	Debug T01	2026-02-27T20:29:36.8776320Z shell: /usr/bin/bash -e {0}
Tests (ubuntu-22.04)	Debug T01	2026-02-27T20:29:36.8776557Z ##[endgroup]
Tests (ubuntu-22.04)	Debug T01	2026-02-27T20:29:36.9022374Z /home/runner/work/hash-tool/hash-tool/src/lib/ui.sh: line 91: /dev/tty: No such device or address
Tests (ubuntu-22.04)	Debug T01	2026-02-27T20:29:36.9037306Z ##[error]Process completed with exit code 1.
Docker build & smoke tests	Smoke test - compute via volume	ï»¿2026-02-27T20:29:23.5390069Z ##[group]Run mkdir -p /tmp/testdata /tmp/testbases
Docker build & smoke tests	Smoke test - compute via volume	2026-02-27T20:29:23.5390523Z [36;1mmkdir -p /tmp/testdata /tmp/testbases[0m
Docker build & smoke tests	Smoke test - compute via volume	2026-02-27T20:29:23.5390850Z [36;1mecho "contenu alpha" > /tmp/testdata/alpha.txt[0m
Docker build & smoke tests	Smoke test - compute via volume	2026-02-27T20:29:23.5391184Z [36;1mecho "contenu beta"  > /tmp/testdata/beta.txt[0m
Docker build & smoke tests	Smoke test - compute via volume	2026-02-27T20:29:23.5391469Z [36;1mdocker run --rm \[0m
Docker build & smoke tests	Smoke test - compute via volume	2026-02-27T20:29:23.5391691Z [36;1m  -v /tmp/testdata:/data:ro \[0m
Docker build & smoke tests	Smoke test - compute via volume	2026-02-27T20:29:23.5391930Z [36;1m  -v /tmp/testbases:/bases \[0m
Docker build & smoke tests	Smoke test - compute via volume	2026-02-27T20:29:23.5392191Z [36;1m  hash_tool compute /data /bases/test.b3[0m
Docker build & smoke tests	Smoke test - compute via volume	2026-02-27T20:29:23.5392564Z [36;1m# VÃ©rifie que le fichier .b3 est produit et non vide[0m
Docker build & smoke tests	Smoke test - compute via volume	2026-02-27T20:29:23.5393017Z [36;1m[ -s /tmp/testbases/test.b3 ] || (echo "ERREUR : test.b3 vide ou absent" && exit 1)[0m
Docker build & smoke tests	Smoke test - compute via volume	2026-02-27T20:29:23.5393530Z [36;1mecho "test.b3 produit : $(wc -l < /tmp/testbases/test.b3) ligne(s)"[0m
Docker build & smoke tests	Smoke test - compute via volume	2026-02-27T20:29:23.5444070Z shell: /usr/bin/bash -e {0}
Docker build & smoke tests	Smoke test - compute via volume	2026-02-27T20:29:23.5444317Z ##[endgroup]
Docker build & smoke tests	Smoke test - compute via volume	2026-02-27T20:29:23.7036880Z /app/src/lib/ui.sh: line 91: /dev/tty: No such device or address
Docker build & smoke tests	Smoke test - compute via volume	2026-02-27T20:29:23.7760557Z ##[error]Process completed with exit code 1.
